2025-03-11 02:01:20,042 [INFO] __main__: Setting up batch database at D:\Programming\Sem_6_Miniproject/students.db
2025-03-11 02:01:20,057 [INFO] __main__: Dropping existing tables if they exist...
2025-03-11 02:01:20,061 [INFO] __main__: Creating batch formation tables...
2025-03-11 02:01:20,063 [INFO] __main__: Created students table: Query executed successfully. Rows affected: -1
2025-03-11 02:01:20,067 [INFO] __main__: Created subjects table: Query executed successfully. Rows affected: -1
2025-03-11 02:01:20,070 [INFO] __main__: Created enrollments table: Query executed successfully. Rows affected: -1
2025-03-11 02:01:20,071 [INFO] __main__: Inserting sample students...
2025-03-11 02:01:20,073 [INFO] __main__: Inserted sample students: Query executed successfully. Rows affected: 12
2025-03-11 02:01:20,073 [INFO] __main__: Inserting sample subjects...
2025-03-11 02:01:20,076 [INFO] __main__: Inserted sample subjects: Query executed successfully. Rows affected: 9
2025-03-11 02:01:20,076 [INFO] __main__: Inserting sample enrollments...
2025-03-11 02:01:20,177 [INFO] __main__: Inserted 60 enrollment records out of 60
2025-03-11 02:01:20,189 [INFO] __main__: Database setup complete! Counts - Students:    COUNT(*)
0        12, Subjects:    COUNT(*)
0         9, Enrollments:    COUNT(*)
0        60
2025-03-11 02:06:37,273 [INFO] __main__: Setting up batch database at D:\Programming\Sem_6_Miniproject/students.db
2025-03-11 02:06:37,288 [INFO] __main__: Dropping existing tables if they exist...
2025-03-11 02:06:37,295 [INFO] __main__: Creating batch formation tables...
2025-03-11 02:06:37,297 [INFO] __main__: Created students table: Query executed successfully. Rows affected: -1
2025-03-11 02:06:37,301 [INFO] __main__: Created subjects table: Query executed successfully. Rows affected: -1
2025-03-11 02:06:37,303 [INFO] __main__: Created enrollments table: Query executed successfully. Rows affected: -1
2025-03-11 02:06:37,303 [INFO] __main__: Inserting sample students...
2025-03-11 02:06:37,305 [INFO] __main__: Inserted sample students: Query executed successfully. Rows affected: 12
2025-03-11 02:06:37,307 [INFO] __main__: Inserting sample subjects...
2025-03-11 02:06:37,308 [INFO] __main__: Inserted sample subjects: Query executed successfully. Rows affected: 9
2025-03-11 02:06:37,309 [INFO] __main__: Inserting sample enrollments...
2025-03-11 02:06:37,410 [INFO] __main__: Inserted 60 enrollment records out of 60
2025-03-11 02:06:37,419 [INFO] __main__: Database setup complete! Counts - Students:    COUNT(*)
0        12, Subjects:    COUNT(*)
0         9, Enrollments:    COUNT(*)
0        60
